python : 2026-04-09 00:23:14,441 - __main__ - INFO - Testing website builder with mock data...
所在位置 行:1 字符: 1
+ python -X utf8 test_mock_data.py 2>&1 | Out-File -FilePath test_outpu ...
+ ~~~~~~~~~~~~~~~~~~~~~~~~~~~~~~~~~~~~~
    + CategoryInfo          : NotSpecified: (2026-04-09 00:2...th mock data...:String) [], RemoteException
    + FullyQualifiedErrorId : NativeCommandError
 
2026-04-09 00:23:14,442 - src.website_builder - INFO - Building website in web_test
2026-04-09 00:23:14,488 - src.website_builder - INFO - Generated 4 individual paper pages
2026-04-09 00:23:14,491 - src.website_builder - INFO - Generated 4 category pages
2026-04-09 00:23:14,494 - src.website_builder - INFO - Copied static assets to web directory
2026-04-09 00:23:14,494 - src.website_builder - INFO - Website built successfully in web_test
2026-04-09 00:23:14,496 - __main__ - INFO - Website built successfully: 18 files created
2026-04-09 00:23:14,496 - __main__ - INFO -   - categories.html
2026-04-09 00:23:14,496 - __main__ - INFO -   - category_condensed_matter.html
2026-04-09 00:23:14,496 - __main__ - INFO -   - category_machine_learning.html
2026-04-09 00:23:14,496 - __main__ - INFO -   - category_optimization.html
2026-04-09 00:23:14,496 - __main__ - INFO -   - category_quantum.html
2026-04-09 00:23:14,497 - __main__ - INFO -   - index.html
2026-04-09 00:23:14,497 - __main__ - INFO -   - papers.html
2026-04-09 00:23:14,497 - __main__ - INFO -   - paper_mock_cm_003.html
2026-04-09 00:23:14,497 - __main__ - INFO -   - paper_mock_low_004.html
2026-04-09 00:23:14,497 - __main__ - INFO -   - paper_mock_ml_002.html
2026-04-09 00:23:14,497 - __main__ - INFO -   - paper_mock_quantum_001.html
2026-04-09 00:23:14,497 - __main__ - INFO -   - recommended.html
2026-04-09 00:23:14,497 - __main__ - INFO - Testing markdown generator with mock data...
2026-04-09 00:23:14,498 - src.md_generator - INFO - Generated Markdown report: test_output\markdown\research_report_20260409.md
2026-04-09 00:23:14,499 - src.md_generator - INFO - Generated top recommendations: test_output\markdown\top_recommendations_20260409.md
2026-04-09 00:23:14,499 - __main__ - INFO - Markdown reports generated: 2 files created
2026-04-09 00:23:14,499 - __main__ - INFO -   - research_report_20260409.md
2026-04-09 00:23:14,499 - __main__ - INFO -   - top_recommendations_20260409.md
2026-04-09 00:23:14,499 - __main__ - INFO - Testing JSONL output with mock data...
2026-04-09 00:23:14,500 - src.md_generator - INFO - Saved 4 papers to JSONL: test_output\processed\papers_analyzed.jsonl
2026-04-09 00:23:14,515 - __main__ - INFO - JSONL output saved: 4 papers
馃И Quantum RSS Radar - Mock Data Tests
==================================================

馃搵 Testing Website Builder...
  鉁?Website Builder: PASSED

馃搵 Testing Markdown Generator...
  鉁?Markdown Generator: PASSED

馃搵 Testing JSONL Output...
  鉁?JSONL Output: PASSED

==================================================
馃帀 All tests passed successfully!

馃搧 Outputs created:
  - Website: web_test/
  - Reports: test_output/markdown/
  - JSONL: test_output/processed/papers_analyzed.jsonl

To view the test website:
  python -m http.server -d web_test 8000
  Then open http://localhost:8000
